------------------------------------------------------------
Timing Analyzer Summary
------------------------------------------------------------

Type  : Slow 1100mV 85C Model Setup 'clk'
Slack : 12.046
TNS   : 0.000

Type  : Slow 1100mV 85C Model Setup 'vgaPll|pll_inst|altera_pll_i|general[0].gpll~PLL_OUTPUT_COUNTER|divclk'
Slack : 35.826
TNS   : 0.000

Type  : Slow 1100mV 85C Model Hold 'vgaPll|pll_inst|altera_pll_i|general[0].gpll~PLL_OUTPUT_COUNTER|divclk'
Slack : 0.675
TNS   : 0.000

Type  : Slow 1100mV 85C Model Hold 'clk'
Slack : 0.721
TNS   : 0.000

Type  : Slow 1100mV 85C Model Minimum Pulse Width 'vgaPll|pll_inst|altera_pll_i|general[0].gpll~FRACTIONAL_PLL|vcoph[0]'
Slack : 1.666
TNS   : 0.000

Type  : Slow 1100mV 85C Model Minimum Pulse Width 'clk'
Slack : 8.873
TNS   : 0.000

Type  : Slow 1100mV 85C Model Minimum Pulse Width 'vgaPll|pll_inst|altera_pll_i|general[0].gpll~PLL_OUTPUT_COUNTER|divclk'
Slack : 19.298
TNS   : 0.000

Type  : Slow 1100mV 0C Model Setup 'clk'
Slack : 12.176
TNS   : 0.000

Type  : Slow 1100mV 0C Model Setup 'vgaPll|pll_inst|altera_pll_i|general[0].gpll~PLL_OUTPUT_COUNTER|divclk'
Slack : 35.827
TNS   : 0.000

Type  : Slow 1100mV 0C Model Hold 'vgaPll|pll_inst|altera_pll_i|general[0].gpll~PLL_OUTPUT_COUNTER|divclk'
Slack : 0.713
TNS   : 0.000

Type  : Slow 1100mV 0C Model Hold 'clk'
Slack : 0.752
TNS   : 0.000

Type  : Slow 1100mV 0C Model Minimum Pulse Width 'vgaPll|pll_inst|altera_pll_i|general[0].gpll~FRACTIONAL_PLL|vcoph[0]'
Slack : 1.666
TNS   : 0.000

Type  : Slow 1100mV 0C Model Minimum Pulse Width 'clk'
Slack : 8.829
TNS   : 0.000

Type  : Slow 1100mV 0C Model Minimum Pulse Width 'vgaPll|pll_inst|altera_pll_i|general[0].gpll~PLL_OUTPUT_COUNTER|divclk'
Slack : 19.242
TNS   : 0.000

Type  : Fast 1100mV 85C Model Setup 'clk'
Slack : 15.374
TNS   : 0.000

Type  : Fast 1100mV 85C Model Setup 'vgaPll|pll_inst|altera_pll_i|general[0].gpll~PLL_OUTPUT_COUNTER|divclk'
Slack : 37.849
TNS   : 0.000

Type  : Fast 1100mV 85C Model Hold 'vgaPll|pll_inst|altera_pll_i|general[0].gpll~PLL_OUTPUT_COUNTER|divclk'
Slack : 0.302
TNS   : 0.000

Type  : Fast 1100mV 85C Model Hold 'clk'
Slack : 0.431
TNS   : 0.000

Type  : Fast 1100mV 85C Model Minimum Pulse Width 'vgaPll|pll_inst|altera_pll_i|general[0].gpll~FRACTIONAL_PLL|vcoph[0]'
Slack : 1.666
TNS   : 0.000

Type  : Fast 1100mV 85C Model Minimum Pulse Width 'clk'
Slack : 8.791
TNS   : 0.000

Type  : Fast 1100mV 85C Model Minimum Pulse Width 'vgaPll|pll_inst|altera_pll_i|general[0].gpll~PLL_OUTPUT_COUNTER|divclk'
Slack : 19.549
TNS   : 0.000

Type  : Fast 1100mV 0C Model Setup 'clk'
Slack : 15.634
TNS   : 0.000

Type  : Fast 1100mV 0C Model Setup 'vgaPll|pll_inst|altera_pll_i|general[0].gpll~PLL_OUTPUT_COUNTER|divclk'
Slack : 37.998
TNS   : 0.000

Type  : Fast 1100mV 0C Model Hold 'vgaPll|pll_inst|altera_pll_i|general[0].gpll~PLL_OUTPUT_COUNTER|divclk'
Slack : 0.295
TNS   : 0.000

Type  : Fast 1100mV 0C Model Hold 'clk'
Slack : 0.425
TNS   : 0.000

Type  : Fast 1100mV 0C Model Minimum Pulse Width 'vgaPll|pll_inst|altera_pll_i|general[0].gpll~FRACTIONAL_PLL|vcoph[0]'
Slack : 1.666
TNS   : 0.000

Type  : Fast 1100mV 0C Model Minimum Pulse Width 'clk'
Slack : 8.781
TNS   : 0.000

Type  : Fast 1100mV 0C Model Minimum Pulse Width 'vgaPll|pll_inst|altera_pll_i|general[0].gpll~PLL_OUTPUT_COUNTER|divclk'
Slack : 19.543
TNS   : 0.000

------------------------------------------------------------
