------------------------------------------------------------
Timing Analyzer Summary
------------------------------------------------------------

Type  : Slow 1100mV 85C Model Setup 'clk'
Slack : 12.094
TNS   : 0.000

Type  : Slow 1100mV 85C Model Setup 'vgaPll|pll_inst|altera_pll_i|general[0].gpll~PLL_OUTPUT_COUNTER|divclk'
Slack : 36.383
TNS   : 0.000

Type  : Slow 1100mV 85C Model Hold 'vgaPll|pll_inst|altera_pll_i|general[0].gpll~PLL_OUTPUT_COUNTER|divclk'
Slack : 0.675
TNS   : 0.000

Type  : Slow 1100mV 85C Model Hold 'clk'
Slack : 0.721
TNS   : 0.000

Type  : Slow 1100mV 85C Model Minimum Pulse Width 'vgaPll|pll_inst|altera_pll_i|general[0].gpll~FRACTIONAL_PLL|vcoph[0]'
Slack : 1.666
TNS   : 0.000

Type  : Slow 1100mV 85C Model Minimum Pulse Width 'clk'
Slack : 8.867
TNS   : 0.000

Type  : Slow 1100mV 85C Model Minimum Pulse Width 'vgaPll|pll_inst|altera_pll_i|general[0].gpll~PLL_OUTPUT_COUNTER|divclk'
Slack : 19.298
TNS   : 0.000

Type  : Slow 1100mV 0C Model Setup 'clk'
Slack : 12.286
TNS   : 0.000

Type  : Slow 1100mV 0C Model Setup 'vgaPll|pll_inst|altera_pll_i|general[0].gpll~PLL_OUTPUT_COUNTER|divclk'
Slack : 36.378
TNS   : 0.000

Type  : Slow 1100mV 0C Model Hold 'vgaPll|pll_inst|altera_pll_i|general[0].gpll~PLL_OUTPUT_COUNTER|divclk'
Slack : 0.714
TNS   : 0.000

Type  : Slow 1100mV 0C Model Hold 'clk'
Slack : 0.752
TNS   : 0.000

Type  : Slow 1100mV 0C Model Minimum Pulse Width 'vgaPll|pll_inst|altera_pll_i|general[0].gpll~FRACTIONAL_PLL|vcoph[0]'
Slack : 1.666
TNS   : 0.000

Type  : Slow 1100mV 0C Model Minimum Pulse Width 'clk'
Slack : 8.823
TNS   : 0.000

Type  : Slow 1100mV 0C Model Minimum Pulse Width 'vgaPll|pll_inst|altera_pll_i|general[0].gpll~PLL_OUTPUT_COUNTER|divclk'
Slack : 19.242
TNS   : 0.000

Type  : Fast 1100mV 85C Model Setup 'clk'
Slack : 15.327
TNS   : 0.000

Type  : Fast 1100mV 85C Model Setup 'vgaPll|pll_inst|altera_pll_i|general[0].gpll~PLL_OUTPUT_COUNTER|divclk'
Slack : 38.017
TNS   : 0.000

Type  : Fast 1100mV 85C Model Hold 'vgaPll|pll_inst|altera_pll_i|general[0].gpll~PLL_OUTPUT_COUNTER|divclk'
Slack : 0.302
TNS   : 0.000

Type  : Fast 1100mV 85C Model Hold 'clk'
Slack : 0.431
TNS   : 0.000

Type  : Fast 1100mV 85C Model Minimum Pulse Width 'vgaPll|pll_inst|altera_pll_i|general[0].gpll~FRACTIONAL_PLL|vcoph[0]'
Slack : 1.666
TNS   : 0.000

Type  : Fast 1100mV 85C Model Minimum Pulse Width 'clk'
Slack : 8.796
TNS   : 0.000

Type  : Fast 1100mV 85C Model Minimum Pulse Width 'vgaPll|pll_inst|altera_pll_i|general[0].gpll~PLL_OUTPUT_COUNTER|divclk'
Slack : 19.549
TNS   : 0.000

Type  : Fast 1100mV 0C Model Setup 'clk'
Slack : 15.601
TNS   : 0.000

Type  : Fast 1100mV 0C Model Setup 'vgaPll|pll_inst|altera_pll_i|general[0].gpll~PLL_OUTPUT_COUNTER|divclk'
Slack : 38.140
TNS   : 0.000

Type  : Fast 1100mV 0C Model Hold 'vgaPll|pll_inst|altera_pll_i|general[0].gpll~PLL_OUTPUT_COUNTER|divclk'
Slack : 0.295
TNS   : 0.000

Type  : Fast 1100mV 0C Model Hold 'clk'
Slack : 0.425
TNS   : 0.000

Type  : Fast 1100mV 0C Model Minimum Pulse Width 'vgaPll|pll_inst|altera_pll_i|general[0].gpll~FRACTIONAL_PLL|vcoph[0]'
Slack : 1.666
TNS   : 0.000

Type  : Fast 1100mV 0C Model Minimum Pulse Width 'clk'
Slack : 8.785
TNS   : 0.000

Type  : Fast 1100mV 0C Model Minimum Pulse Width 'vgaPll|pll_inst|altera_pll_i|general[0].gpll~PLL_OUTPUT_COUNTER|divclk'
Slack : 19.542
TNS   : 0.000

------------------------------------------------------------
