------------------------------------------------------------
Timing Analyzer Summary
------------------------------------------------------------

Type  : Slow 1100mV 85C Model Setup 'clk'
Slack : 12.747
TNS   : 0.000

Type  : Slow 1100mV 85C Model Setup 'vgaPll|pll_inst|altera_pll_i|general[0].gpll~PLL_OUTPUT_COUNTER|divclk'
Slack : 35.958
TNS   : 0.000

Type  : Slow 1100mV 85C Model Hold 'vgaPll|pll_inst|altera_pll_i|general[0].gpll~PLL_OUTPUT_COUNTER|divclk'
Slack : 0.675
TNS   : 0.000

Type  : Slow 1100mV 85C Model Hold 'clk'
Slack : 0.721
TNS   : 0.000

Type  : Slow 1100mV 85C Model Minimum Pulse Width 'vgaPll|pll_inst|altera_pll_i|general[0].gpll~FRACTIONAL_PLL|vcoph[0]'
Slack : 1.666
TNS   : 0.000

Type  : Slow 1100mV 85C Model Minimum Pulse Width 'clk'
Slack : 8.873
TNS   : 0.000

Type  : Slow 1100mV 85C Model Minimum Pulse Width 'vgaPll|pll_inst|altera_pll_i|general[0].gpll~PLL_OUTPUT_COUNTER|divclk'
Slack : 19.297
TNS   : 0.000

Type  : Slow 1100mV 0C Model Setup 'clk'
Slack : 12.838
TNS   : 0.000

Type  : Slow 1100mV 0C Model Setup 'vgaPll|pll_inst|altera_pll_i|general[0].gpll~PLL_OUTPUT_COUNTER|divclk'
Slack : 35.919
TNS   : 0.000

Type  : Slow 1100mV 0C Model Hold 'vgaPll|pll_inst|altera_pll_i|general[0].gpll~PLL_OUTPUT_COUNTER|divclk'
Slack : 0.716
TNS   : 0.000

Type  : Slow 1100mV 0C Model Hold 'clk'
Slack : 0.752
TNS   : 0.000

Type  : Slow 1100mV 0C Model Minimum Pulse Width 'vgaPll|pll_inst|altera_pll_i|general[0].gpll~FRACTIONAL_PLL|vcoph[0]'
Slack : 1.666
TNS   : 0.000

Type  : Slow 1100mV 0C Model Minimum Pulse Width 'clk'
Slack : 8.829
TNS   : 0.000

Type  : Slow 1100mV 0C Model Minimum Pulse Width 'vgaPll|pll_inst|altera_pll_i|general[0].gpll~PLL_OUTPUT_COUNTER|divclk'
Slack : 19.243
TNS   : 0.000

Type  : Fast 1100mV 85C Model Setup 'clk'
Slack : 15.916
TNS   : 0.000

Type  : Fast 1100mV 85C Model Setup 'vgaPll|pll_inst|altera_pll_i|general[0].gpll~PLL_OUTPUT_COUNTER|divclk'
Slack : 37.893
TNS   : 0.000

Type  : Fast 1100mV 85C Model Hold 'vgaPll|pll_inst|altera_pll_i|general[0].gpll~PLL_OUTPUT_COUNTER|divclk'
Slack : 0.303
TNS   : 0.000

Type  : Fast 1100mV 85C Model Hold 'clk'
Slack : 0.431
TNS   : 0.000

Type  : Fast 1100mV 85C Model Minimum Pulse Width 'vgaPll|pll_inst|altera_pll_i|general[0].gpll~FRACTIONAL_PLL|vcoph[0]'
Slack : 1.666
TNS   : 0.000

Type  : Fast 1100mV 85C Model Minimum Pulse Width 'clk'
Slack : 8.792
TNS   : 0.000

Type  : Fast 1100mV 85C Model Minimum Pulse Width 'vgaPll|pll_inst|altera_pll_i|general[0].gpll~PLL_OUTPUT_COUNTER|divclk'
Slack : 19.549
TNS   : 0.000

Type  : Fast 1100mV 0C Model Setup 'clk'
Slack : 16.087
TNS   : 0.000

Type  : Fast 1100mV 0C Model Setup 'vgaPll|pll_inst|altera_pll_i|general[0].gpll~PLL_OUTPUT_COUNTER|divclk'
Slack : 38.031
TNS   : 0.000

Type  : Fast 1100mV 0C Model Hold 'vgaPll|pll_inst|altera_pll_i|general[0].gpll~PLL_OUTPUT_COUNTER|divclk'
Slack : 0.294
TNS   : 0.000

Type  : Fast 1100mV 0C Model Hold 'clk'
Slack : 0.425
TNS   : 0.000

Type  : Fast 1100mV 0C Model Minimum Pulse Width 'vgaPll|pll_inst|altera_pll_i|general[0].gpll~FRACTIONAL_PLL|vcoph[0]'
Slack : 1.666
TNS   : 0.000

Type  : Fast 1100mV 0C Model Minimum Pulse Width 'clk'
Slack : 8.782
TNS   : 0.000

Type  : Fast 1100mV 0C Model Minimum Pulse Width 'vgaPll|pll_inst|altera_pll_i|general[0].gpll~PLL_OUTPUT_COUNTER|divclk'
Slack : 19.543
TNS   : 0.000

------------------------------------------------------------
